==> Preparing and loading data..
==> Building model..
CNN特征提取器可学习参数总数: 42500160 (40.53M)
Transformer编码器层可学习参数总数: 10506240 (10.02M)
Transformer解码器层可学习参数总数: 13062589 (12.46M)
Train Epoch: 0/100, 99/683 (14%), Step: 100, Loss: 3.505, Current LR: 0.0002
Train Epoch: 0/100, 199/683 (29%), Step: 200, Loss: 2.854, Current LR: 0.0002
Train Epoch: 0/100, 299/683 (44%), Step: 300, Loss: 1.874, Current LR: 0.0002
Train Epoch: 0/100, 399/683 (58%), Step: 400, Loss: 1.809, Current LR: 0.0002
Train Epoch: 0/100, 499/683 (73%), Step: 500, Loss: 1.995, Current LR: 0.0002
Train Epoch: 0/100, 599/683 (88%), Step: 600, Loss: 1.587, Current LR: 0.0002
Epoch:0 | train_Loss: 2.388
Epoch:0 | val_Loss: 2.281
Epoch: 0 | Caption_Validation:
BLEU-1: 71.60797	BLEU-2: 59.61553	BLEU-3: 50.15643	BLEU-4: 42.59715	Meteor: 35.02894	Rouge: 64.53742	Cider: 223.96399	

Epoch 0 完成. Val Loss: 2.281, Val BlEU-4: 42.60
Saving best model..
Current best BLEU-4: 42.60
Train Epoch: 1/100, 16/683 (2%), Step: 700, Loss: 1.656, Current LR: 0.0002
Train Epoch: 1/100, 116/683 (17%), Step: 800, Loss: 1.710, Current LR: 0.0002
Train Epoch: 1/100, 216/683 (32%), Step: 900, Loss: 1.350, Current LR: 0.0002
Train Epoch: 1/100, 316/683 (46%), Step: 1000, Loss: 1.610, Current LR: 0.0002
Train Epoch: 1/100, 416/683 (61%), Step: 1100, Loss: 1.470, Current LR: 0.0002
Train Epoch: 1/100, 516/683 (76%), Step: 1200, Loss: 1.422, Current LR: 0.0002
Train Epoch: 1/100, 616/683 (90%), Step: 1300, Loss: 1.469, Current LR: 0.0002
Epoch:1 | train_Loss: 1.564
Epoch:1 | val_Loss: 2.193
Epoch: 1 | Caption_Validation:
BLEU-1: 74.36816	BLEU-2: 62.87586	BLEU-3: 53.61659	BLEU-4: 45.93038	Meteor: 36.99407	Rouge: 66.13729	Cider: 252.83716	

Epoch 1 完成. Val Loss: 2.193, Val BlEU-4: 45.93
Saving best model..
Current best BLEU-4: 45.93
Train Epoch: 2/100, 33/683 (5%), Step: 1400, Loss: 1.410, Current LR: 0.0002
Train Epoch: 2/100, 133/683 (19%), Step: 1500, Loss: 1.359, Current LR: 0.0002
Train Epoch: 2/100, 233/683 (34%), Step: 1600, Loss: 1.462, Current LR: 0.0002
Train Epoch: 2/100, 333/683 (49%), Step: 1700, Loss: 1.332, Current LR: 0.0002
Train Epoch: 2/100, 433/683 (63%), Step: 1800, Loss: 1.426, Current LR: 0.0002
Train Epoch: 2/100, 533/683 (78%), Step: 1900, Loss: 1.195, Current LR: 0.0002
Train Epoch: 2/100, 633/683 (93%), Step: 2000, Loss: 1.379, Current LR: 0.0002
Epoch:2 | train_Loss: 1.328
Epoch:2 | val_Loss: 2.209
Epoch: 2 | Caption_Validation:
BLEU-1: 71.97252	BLEU-2: 59.95019	BLEU-3: 51.02308	BLEU-4: 43.96952	Meteor: 35.00053	Rouge: 62.52538	Cider: 232.74511	

Epoch 2 完成. Val Loss: 2.209, Val BlEU-4: 43.97
Train Epoch: 3/100, 50/683 (7%), Step: 2100, Loss: 1.131, Current LR: 0.0002
Train Epoch: 3/100, 150/683 (22%), Step: 2200, Loss: 1.128, Current LR: 0.0002
Train Epoch: 3/100, 250/683 (37%), Step: 2300, Loss: 1.166, Current LR: 0.0002
Train Epoch: 3/100, 350/683 (51%), Step: 2400, Loss: 1.373, Current LR: 0.0002
Train Epoch: 3/100, 450/683 (66%), Step: 2500, Loss: 1.260, Current LR: 0.0002
Train Epoch: 3/100, 550/683 (81%), Step: 2600, Loss: 1.061, Current LR: 0.0002
Train Epoch: 3/100, 650/683 (95%), Step: 2700, Loss: 1.039, Current LR: 0.0002
Epoch:3 | train_Loss: 1.146
Epoch:3 | val_Loss: 2.286
Epoch: 3 | Caption_Validation:
BLEU-1: 71.13760	BLEU-2: 59.01566	BLEU-3: 49.58427	BLEU-4: 42.08083	Meteor: 34.82195	Rouge: 62.48701	Cider: 228.42109	

Epoch 3 完成. Val Loss: 2.286, Val BlEU-4: 42.08
Train Epoch: 4/100, 67/683 (10%), Step: 2800, Loss: 1.111, Current LR: 0.0002
Train Epoch: 4/100, 167/683 (24%), Step: 2900, Loss: 0.926, Current LR: 0.0002
Train Epoch: 4/100, 267/683 (39%), Step: 3000, Loss: 1.196, Current LR: 0.0002
Train Epoch: 4/100, 367/683 (54%), Step: 3100, Loss: 0.905, Current LR: 0.0002
Train Epoch: 4/100, 467/683 (68%), Step: 3200, Loss: 1.013, Current LR: 0.0002
Train Epoch: 4/100, 567/683 (83%), Step: 3300, Loss: 0.946, Current LR: 0.0002
Train Epoch: 4/100, 667/683 (98%), Step: 3400, Loss: 1.302, Current LR: 0.0002
Epoch:4 | train_Loss: 1.001
Epoch:4 | val_Loss: 2.345
Epoch: 4 | Caption_Validation:
BLEU-1: 69.83380	BLEU-2: 57.49597	BLEU-3: 48.17427	BLEU-4: 40.92527	Meteor: 33.59409	Rouge: 60.22351	Cider: 225.67335	

Epoch 4 完成. Val Loss: 2.345, Val BlEU-4: 40.93
Train Epoch: 5/100, 84/683 (12%), Step: 3500, Loss: 0.947, Current LR: 0.0002
Train Epoch: 5/100, 184/683 (27%), Step: 3600, Loss: 0.835, Current LR: 0.0002
Train Epoch: 5/100, 284/683 (42%), Step: 3700, Loss: 0.891, Current LR: 0.0002
Train Epoch: 5/100, 384/683 (56%), Step: 3800, Loss: 0.857, Current LR: 0.0002
Train Epoch: 5/100, 484/683 (71%), Step: 3900, Loss: 0.733, Current LR: 0.0002
Train Epoch: 5/100, 584/683 (86%), Step: 4000, Loss: 0.814, Current LR: 0.0002
Epoch:5 | train_Loss: 0.883
Epoch:5 | val_Loss: 2.406
Epoch: 5 | Caption_Validation:
BLEU-1: 70.93591	BLEU-2: 58.67549	BLEU-3: 49.25211	BLEU-4: 41.68214	Meteor: 34.24115	Rouge: 61.42297	Cider: 225.46462	

Epoch 5 完成. Val Loss: 2.406, Val BlEU-4: 41.68
Train Epoch: 6/100, 1/683 (0%), Step: 4100, Loss: 1.020, Current LR: 0.0002
Train Epoch: 6/100, 101/683 (15%), Step: 4200, Loss: 0.703, Current LR: 0.0002
Train Epoch: 6/100, 201/683 (29%), Step: 4300, Loss: 0.586, Current LR: 0.0002
Train Epoch: 6/100, 301/683 (44%), Step: 4400, Loss: 0.625, Current LR: 0.0002
Train Epoch: 6/100, 401/683 (59%), Step: 4500, Loss: 0.738, Current LR: 0.0002
Train Epoch: 6/100, 501/683 (73%), Step: 4600, Loss: 0.820, Current LR: 0.0002
Train Epoch: 6/100, 601/683 (88%), Step: 4700, Loss: 0.992, Current LR: 0.0002
Epoch:6 | train_Loss: 0.792
Epoch:6 | val_Loss: 2.468
Epoch: 6 | Caption_Validation:
BLEU-1: 69.03539	BLEU-2: 56.10021	BLEU-3: 46.14234	BLEU-4: 38.32284	Meteor: 32.83601	Rouge: 59.19090	Cider: 206.60557	

Epoch 6 完成. Val Loss: 2.468, Val BlEU-4: 38.32
Train Epoch: 7/100, 18/683 (3%), Step: 4800, Loss: 0.511, Current LR: 0.0002
Train Epoch: 7/100, 118/683 (17%), Step: 4900, Loss: 0.828, Current LR: 0.0002
Train Epoch: 7/100, 218/683 (32%), Step: 5000, Loss: 0.980, Current LR: 0.0002
Train Epoch: 7/100, 318/683 (47%), Step: 5100, Loss: 0.618, Current LR: 0.0002
Train Epoch: 7/100, 418/683 (61%), Step: 5200, Loss: 0.501, Current LR: 0.0002
Train Epoch: 7/100, 518/683 (76%), Step: 5300, Loss: 0.642, Current LR: 0.0002
Train Epoch: 7/100, 618/683 (90%), Step: 5400, Loss: 1.005, Current LR: 0.0002
Epoch:7 | train_Loss: 0.720
Epoch:7 | val_Loss: 2.461
Epoch: 7 | Caption_Validation:
BLEU-1: 68.10456	BLEU-2: 55.05655	BLEU-3: 45.24487	BLEU-4: 37.54440	Meteor: 33.16923	Rouge: 59.42577	Cider: 204.25150	

Epoch 7 完成. Val Loss: 2.461, Val BlEU-4: 37.54
Train Epoch: 8/100, 35/683 (5%), Step: 5500, Loss: 0.714, Current LR: 0.0002
Train Epoch: 8/100, 135/683 (20%), Step: 5600, Loss: 0.584, Current LR: 0.0002
Train Epoch: 8/100, 235/683 (34%), Step: 5700, Loss: 0.889, Current LR: 0.0002
Train Epoch: 8/100, 335/683 (49%), Step: 5800, Loss: 0.712, Current LR: 0.0002
Train Epoch: 8/100, 435/683 (64%), Step: 5900, Loss: 0.562, Current LR: 0.0002
Train Epoch: 8/100, 535/683 (78%), Step: 6000, Loss: 0.748, Current LR: 0.0002
Train Epoch: 8/100, 635/683 (93%), Step: 6100, Loss: 0.678, Current LR: 0.0002
Epoch:8 | train_Loss: 0.661
Epoch:8 | val_Loss: 2.632
Epoch: 8 | Caption_Validation:
BLEU-1: 67.96769	BLEU-2: 54.77653	BLEU-3: 44.99178	BLEU-4: 37.39559	Meteor: 31.65881	Rouge: 57.60990	Cider: 201.18336	

Epoch 8 完成. Val Loss: 2.632, Val BlEU-4: 37.40
Train Epoch: 9/100, 52/683 (8%), Step: 6200, Loss: 0.654, Current LR: 0.0002
Train Epoch: 9/100, 152/683 (22%), Step: 6300, Loss: 0.906, Current LR: 0.0002
Train Epoch: 9/100, 252/683 (37%), Step: 6400, Loss: 0.881, Current LR: 0.0002
Train Epoch: 9/100, 352/683 (52%), Step: 6500, Loss: 0.516, Current LR: 0.0002
Train Epoch: 9/100, 452/683 (66%), Step: 6600, Loss: 0.526, Current LR: 0.0002
Train Epoch: 9/100, 552/683 (81%), Step: 6700, Loss: 0.378, Current LR: 0.0002
Train Epoch: 9/100, 652/683 (95%), Step: 6800, Loss: 0.754, Current LR: 0.0002
Epoch:9 | train_Loss: 0.611
Epoch:9 | val_Loss: 2.650
Epoch: 9 | Caption_Validation:
BLEU-1: 70.52122	BLEU-2: 58.03178	BLEU-3: 48.63320	BLEU-4: 41.16564	Meteor: 34.15563	Rouge: 61.81582	Cider: 221.81492	

Epoch 9 完成. Val Loss: 2.650, Val BlEU-4: 41.17
Train Epoch: 10/100, 69/683 (10%), Step: 6900, Loss: 0.528, Current LR: 0.0002
Train Epoch: 10/100, 169/683 (25%), Step: 7000, Loss: 0.602, Current LR: 0.0002
Train Epoch: 10/100, 269/683 (39%), Step: 7100, Loss: 0.555, Current LR: 0.0002
Train Epoch: 10/100, 369/683 (54%), Step: 7200, Loss: 0.457, Current LR: 0.0002
Train Epoch: 10/100, 469/683 (69%), Step: 7300, Loss: 0.624, Current LR: 0.0002
Train Epoch: 10/100, 569/683 (83%), Step: 7400, Loss: 0.746, Current LR: 0.0002
Train Epoch: 10/100, 669/683 (98%), Step: 7500, Loss: 0.391, Current LR: 0.0002
Epoch:10 | train_Loss: 0.570
Epoch:10 | val_Loss: 2.686
Epoch: 10 | Caption_Validation:
BLEU-1: 67.82684	BLEU-2: 54.82476	BLEU-3: 45.08002	BLEU-4: 37.71191	Meteor: 32.00976	Rouge: 57.72393	Cider: 203.04804	

Epoch 10 完成. Val Loss: 2.686, Val BlEU-4: 37.71
Train Epoch: 11/100, 86/683 (13%), Step: 7600, Loss: 0.630, Current LR: 0.0002
Train Epoch: 11/100, 186/683 (27%), Step: 7700, Loss: 0.422, Current LR: 0.0002
Train Epoch: 11/100, 286/683 (42%), Step: 7800, Loss: 0.448, Current LR: 0.0002
Train Epoch: 11/100, 386/683 (57%), Step: 7900, Loss: 0.575, Current LR: 0.0002
Train Epoch: 11/100, 486/683 (71%), Step: 8000, Loss: 0.513, Current LR: 0.0002
Train Epoch: 11/100, 586/683 (86%), Step: 8100, Loss: 0.470, Current LR: 0.0002
Epoch:11 | train_Loss: 0.535
Epoch:11 | val_Loss: 2.743
Epoch: 11 | Caption_Validation:
BLEU-1: 66.84098	BLEU-2: 53.79192	BLEU-3: 44.54206	BLEU-4: 37.55368	Meteor: 31.33669	Rouge: 56.75306	Cider: 196.96032	

Epoch 11 完成. Val Loss: 2.743, Val BlEU-4: 37.55
模型在验证集上的BLEU-4指标已经连续10个epoch没有提升，训练停止!
训练完成, 最终模型保存至 checkpoint/cnn-transformer_final.pth
